[     153ms] [WARNING] THREE.THREE.Clock: This module has been deprecated. Please use THREE.Timer instead. @ http://localhost:5173/node_modules/.vite/deps/chunk-ITCRF2YK.js?v=86176af0:296
[     222ms] [WARNING] THREE.THREE.Clock: This module has been deprecated. Please use THREE.Timer instead. @ http://localhost:5173/node_modules/.vite/deps/chunk-ITCRF2YK.js?v=86176af0:296
[  104559ms] [ERROR] Failed to load resource: the server responded with a status of 400 () @ https://mjjyipkzhvtkslrsdluh.supabase.co/rest/v1/tasks?columns=%22id%22%2C%22tree_id%22%2C%22title%22%2C%22status%22%2C%22priority%22%2C%22carried_count%22%2C%22sort_order%22%2C%22user_id%22%2C%22notes%22:0
[  645577ms] [WARNING] THREE.THREE.Clock: This module has been deprecated. Please use THREE.Timer instead. @ http://localhost:5173/node_modules/.vite/deps/chunk-ITCRF2YK.js?v=86176af0:296
[  645689ms] [WARNING] THREE.THREE.Clock: This module has been deprecated. Please use THREE.Timer instead. @ http://localhost:5173/node_modules/.vite/deps/chunk-ITCRF2YK.js?v=86176af0:296
[  658087ms] [WARNING] THREE.THREE.Clock: This module has been deprecated. Please use THREE.Timer instead. @ http://localhost:5173/node_modules/.vite/deps/chunk-ITCRF2YK.js?v=86176af0:296
[  658194ms] [WARNING] THREE.THREE.Clock: This module has been deprecated. Please use THREE.Timer instead. @ http://localhost:5173/node_modules/.vite/deps/chunk-ITCRF2YK.js?v=86176af0:296
[  670795ms] [ERROR] Failed to load resource: the server responded with a status of 400 () @ https://mjjyipkzhvtkslrsdluh.supabase.co/rest/v1/backlog_tasks?columns=%22project_id%22%2C%22title%22%2C%22priority%22%2C%22carried_count%22%2C%22sort_order%22%2C%22user_id%22%2C%22notes%22:0
[  676029ms] [ERROR] Failed to load resource: the server responded with a status of 400 () @ https://mjjyipkzhvtkslrsdluh.supabase.co/rest/v1/tasks?columns=%22id%22%2C%22tree_id%22%2C%22title%22%2C%22status%22%2C%22priority%22%2C%22carried_count%22%2C%22sort_order%22%2C%22user_id%22%2C%22notes%22:0
[  702479ms] [ERROR] Failed to load resource: the server responded with a status of 400 () @ https://mjjyipkzhvtkslrsdluh.supabase.co/rest/v1/backlog_tasks?columns=%22project_id%22%2C%22title%22%2C%22priority%22%2C%22carried_count%22%2C%22sort_order%22%2C%22user_id%22%2C%22notes%22:0
[  709205ms] [ERROR] Failed to load resource: the server responded with a status of 400 () @ https://mjjyipkzhvtkslrsdluh.supabase.co/rest/v1/tasks?columns=%22id%22%2C%22tree_id%22%2C%22title%22%2C%22status%22%2C%22priority%22%2C%22carried_count%22%2C%22sort_order%22%2C%22user_id%22%2C%22notes%22:0
[  848036ms] [WARNING] THREE.THREE.Clock: This module has been deprecated. Please use THREE.Timer instead. @ http://localhost:5173/node_modules/.vite/deps/chunk-ITCRF2YK.js?v=86176af0:296
[  848121ms] [WARNING] THREE.THREE.Clock: This module has been deprecated. Please use THREE.Timer instead. @ http://localhost:5173/node_modules/.vite/deps/chunk-ITCRF2YK.js?v=86176af0:296
[  882178ms] [WARNING] THREE.THREE.Clock: This module has been deprecated. Please use THREE.Timer instead. @ http://localhost:5173/node_modules/.vite/deps/chunk-ITCRF2YK.js?v=86176af0:296
[  882265ms] [WARNING] THREE.THREE.Clock: This module has been deprecated. Please use THREE.Timer instead. @ http://localhost:5173/node_modules/.vite/deps/chunk-ITCRF2YK.js?v=86176af0:296
[ 1013727ms] [WARNING] THREE.THREE.Clock: This module has been deprecated. Please use THREE.Timer instead. @ http://localhost:5173/node_modules/.vite/deps/chunk-ITCRF2YK.js?v=86176af0:296
[ 1013792ms] [WARNING] THREE.THREE.Clock: This module has been deprecated. Please use THREE.Timer instead. @ http://localhost:5173/node_modules/.vite/deps/chunk-ITCRF2YK.js?v=86176af0:296
[ 1028338ms] [WARNING] THREE.THREE.Clock: This module has been deprecated. Please use THREE.Timer instead. @ http://localhost:5173/node_modules/.vite/deps/chunk-ITCRF2YK.js?v=86176af0:296
[ 1028403ms] [WARNING] THREE.THREE.Clock: This module has been deprecated. Please use THREE.Timer instead. @ http://localhost:5173/node_modules/.vite/deps/chunk-ITCRF2YK.js?v=86176af0:296
[ 1044137ms] [WARNING] THREE.THREE.Clock: This module has been deprecated. Please use THREE.Timer instead. @ http://localhost:5173/node_modules/.vite/deps/chunk-ITCRF2YK.js?v=86176af0:296
[ 1044227ms] [WARNING] THREE.THREE.Clock: This module has been deprecated. Please use THREE.Timer instead. @ http://localhost:5173/node_modules/.vite/deps/chunk-ITCRF2YK.js?v=86176af0:296
[ 1060662ms] [WARNING] THREE.THREE.Clock: This module has been deprecated. Please use THREE.Timer instead. @ http://localhost:5173/node_modules/.vite/deps/chunk-ITCRF2YK.js?v=86176af0:296
[ 1060753ms] [WARNING] THREE.THREE.Clock: This module has been deprecated. Please use THREE.Timer instead. @ http://localhost:5173/node_modules/.vite/deps/chunk-ITCRF2YK.js?v=86176af0:296
[ 1063861ms] [WARNING] THREE.THREE.Clock: This module has been deprecated. Please use THREE.Timer instead. @ http://localhost:5173/node_modules/.vite/deps/chunk-ITCRF2YK.js?v=86176af0:296
[ 1063962ms] [WARNING] THREE.THREE.Clock: This module has been deprecated. Please use THREE.Timer instead. @ http://localhost:5173/node_modules/.vite/deps/chunk-ITCRF2YK.js?v=86176af0:296
[ 1140528ms] [WARNING] THREE.THREE.Clock: This module has been deprecated. Please use THREE.Timer instead. @ http://localhost:5173/node_modules/.vite/deps/chunk-ITCRF2YK.js?v=86176af0:296
[ 1140607ms] [WARNING] THREE.THREE.Clock: This module has been deprecated. Please use THREE.Timer instead. @ http://localhost:5173/node_modules/.vite/deps/chunk-ITCRF2YK.js?v=86176af0:296
[ 1144921ms] [WARNING] THREE.THREE.Clock: This module has been deprecated. Please use THREE.Timer instead. @ http://localhost:5173/node_modules/.vite/deps/chunk-ITCRF2YK.js?v=86176af0:296
[ 1145004ms] [WARNING] THREE.THREE.Clock: This module has been deprecated. Please use THREE.Timer instead. @ http://localhost:5173/node_modules/.vite/deps/chunk-ITCRF2YK.js?v=86176af0:296
[ 1206985ms] [WARNING] THREE.THREE.Clock: This module has been deprecated. Please use THREE.Timer instead. @ http://localhost:5173/node_modules/.vite/deps/chunk-ITCRF2YK.js?v=86176af0:296
[ 1207069ms] [WARNING] THREE.THREE.Clock: This module has been deprecated. Please use THREE.Timer instead. @ http://localhost:5173/node_modules/.vite/deps/chunk-ITCRF2YK.js?v=86176af0:296
[ 1213794ms] [WARNING] THREE.THREE.Clock: This module has been deprecated. Please use THREE.Timer instead. @ http://localhost:5173/node_modules/.vite/deps/chunk-ITCRF2YK.js?v=86176af0:296
[ 1213882ms] [WARNING] THREE.THREE.Clock: This module has been deprecated. Please use THREE.Timer instead. @ http://localhost:5173/node_modules/.vite/deps/chunk-ITCRF2YK.js?v=86176af0:296
[ 1297055ms] [WARNING] THREE.THREE.Clock: This module has been deprecated. Please use THREE.Timer instead. @ http://localhost:5173/node_modules/.vite/deps/chunk-ITCRF2YK.js?v=86176af0:296
[ 1297139ms] [WARNING] THREE.THREE.Clock: This module has been deprecated. Please use THREE.Timer instead. @ http://localhost:5173/node_modules/.vite/deps/chunk-ITCRF2YK.js?v=86176af0:296
[ 1306724ms] [WARNING] THREE.THREE.Clock: This module has been deprecated. Please use THREE.Timer instead. @ http://localhost:5173/node_modules/.vite/deps/chunk-ITCRF2YK.js?v=86176af0:296
[ 1306852ms] [WARNING] THREE.THREE.Clock: This module has been deprecated. Please use THREE.Timer instead. @ http://localhost:5173/node_modules/.vite/deps/chunk-ITCRF2YK.js?v=86176af0:296
[ 1314583ms] [WARNING] THREE.THREE.Clock: This module has been deprecated. Please use THREE.Timer instead. @ http://localhost:5173/node_modules/.vite/deps/chunk-ITCRF2YK.js?v=86176af0:296
[ 1314671ms] [WARNING] THREE.THREE.Clock: This module has been deprecated. Please use THREE.Timer instead. @ http://localhost:5173/node_modules/.vite/deps/chunk-ITCRF2YK.js?v=86176af0:296
[ 1323706ms] [WARNING] THREE.THREE.Clock: This module has been deprecated. Please use THREE.Timer instead. @ http://localhost:5173/node_modules/.vite/deps/chunk-ITCRF2YK.js?v=86176af0:296
[ 1323796ms] [WARNING] THREE.THREE.Clock: This module has been deprecated. Please use THREE.Timer instead. @ http://localhost:5173/node_modules/.vite/deps/chunk-ITCRF2YK.js?v=86176af0:296
[ 1327856ms] [WARNING] THREE.THREE.Clock: This module has been deprecated. Please use THREE.Timer instead. @ http://localhost:5173/node_modules/.vite/deps/chunk-ITCRF2YK.js?v=86176af0:296
[ 1327933ms] [WARNING] THREE.THREE.Clock: This module has been deprecated. Please use THREE.Timer instead. @ http://localhost:5173/node_modules/.vite/deps/chunk-ITCRF2YK.js?v=86176af0:296
[ 1345732ms] [WARNING] THREE.THREE.Clock: This module has been deprecated. Please use THREE.Timer instead. @ http://localhost:5173/node_modules/.vite/deps/chunk-ITCRF2YK.js?v=86176af0:296
[ 1345837ms] [WARNING] THREE.THREE.Clock: This module has been deprecated. Please use THREE.Timer instead. @ http://localhost:5173/node_modules/.vite/deps/chunk-ITCRF2YK.js?v=86176af0:296
[ 1349789ms] [WARNING] THREE.THREE.Clock: This module has been deprecated. Please use THREE.Timer instead. @ http://localhost:5173/node_modules/.vite/deps/chunk-ITCRF2YK.js?v=86176af0:296
[ 1349877ms] [WARNING] THREE.THREE.Clock: This module has been deprecated. Please use THREE.Timer instead. @ http://localhost:5173/node_modules/.vite/deps/chunk-ITCRF2YK.js?v=86176af0:296
[ 1370943ms] [WARNING] THREE.THREE.Clock: This module has been deprecated. Please use THREE.Timer instead. @ http://localhost:5173/node_modules/.vite/deps/chunk-ITCRF2YK.js?v=86176af0:296
[ 1371010ms] [WARNING] THREE.THREE.Clock: This module has been deprecated. Please use THREE.Timer instead. @ http://localhost:5173/node_modules/.vite/deps/chunk-ITCRF2YK.js?v=86176af0:296
[ 1387929ms] [WARNING] THREE.THREE.Clock: This module has been deprecated. Please use THREE.Timer instead. @ http://localhost:5173/node_modules/.vite/deps/chunk-ITCRF2YK.js?v=86176af0:296
[ 1388014ms] [WARNING] THREE.THREE.Clock: This module has been deprecated. Please use THREE.Timer instead. @ http://localhost:5173/node_modules/.vite/deps/chunk-ITCRF2YK.js?v=86176af0:296
[ 1459342ms] [WARNING] THREE.THREE.Clock: This module has been deprecated. Please use THREE.Timer instead. @ http://localhost:5173/node_modules/.vite/deps/chunk-ITCRF2YK.js?v=86176af0:296
[ 1459422ms] [WARNING] THREE.THREE.Clock: This module has been deprecated. Please use THREE.Timer instead. @ http://localhost:5173/node_modules/.vite/deps/chunk-ITCRF2YK.js?v=86176af0:296
[ 1515210ms] [WARNING] THREE.THREE.Clock: This module has been deprecated. Please use THREE.Timer instead. @ http://localhost:5173/node_modules/.vite/deps/chunk-ITCRF2YK.js?v=86176af0:296
[ 1515268ms] [WARNING] THREE.THREE.Clock: This module has been deprecated. Please use THREE.Timer instead. @ http://localhost:5173/node_modules/.vite/deps/chunk-ITCRF2YK.js?v=86176af0:296
[ 1518164ms] [WARNING] THREE.THREE.Clock: This module has been deprecated. Please use THREE.Timer instead. @ http://localhost:5173/node_modules/.vite/deps/chunk-ITCRF2YK.js?v=86176af0:296
[ 1518250ms] [WARNING] THREE.THREE.Clock: This module has been deprecated. Please use THREE.Timer instead. @ http://localhost:5173/node_modules/.vite/deps/chunk-ITCRF2YK.js?v=86176af0:296
