[   33961ms] [ERROR] Failed to load resource: the server responded with a status of 404 () @ https://lifegrdn.vercel.app/vite.svg:0
[   34288ms] [WARNING] THREE.THREE.Clock: This module has been deprecated. Please use THREE.Timer instead. @ https://lifegrdn.vercel.app/assets/index-9uauAc01.js:58
[   42524ms] [WARNING] THREE.THREE.Clock: This module has been deprecated. Please use THREE.Timer instead. @ https://lifegrdn.vercel.app/assets/index-9uauAc01.js:58
[   42559ms] [ERROR] Failed to load resource: the server responded with a status of 404 () @ https://lifegrdn.vercel.app/vite.svg:0
[  398249ms] [WARNING] THREE.THREE.Clock: This module has been deprecated. Please use THREE.Timer instead. @ https://lifegrdn.vercel.app/assets/index-D9_fKeI-.js:58
[  403031ms] [ERROR] Failed to load resource: the server responded with a status of 403 () @ https://mjjyipkzhvtkslrsdluh.supabase.co/rest/v1/projects?select=id:0
[  406243ms] [ERROR] Failed to load resource: the server responded with a status of 400 () @ https://mjjyipkzhvtkslrsdluh.supabase.co/rest/v1/trees?select=id:0
[  406246ms] [ERROR] Failed to load resource: the server responded with a status of 400 () @ https://mjjyipkzhvtkslrsdluh.supabase.co/rest/v1/tasks?select=id:0
[  435492ms] [WARNING] THREE.THREE.Clock: This module has been deprecated. Please use THREE.Timer instead. @ https://lifegrdn.vercel.app/assets/index-D9_fKeI-.js:58
[  436384ms] [WARNING] THREE.THREE.Clock: This module has been deprecated. Please use THREE.Timer instead. @ https://lifegrdn.vercel.app/assets/index-D9_fKeI-.js:58
[  437096ms] [WARNING] THREE.THREE.Clock: This module has been deprecated. Please use THREE.Timer instead. @ https://lifegrdn.vercel.app/assets/index-D9_fKeI-.js:58
[  437920ms] [WARNING] THREE.THREE.Clock: This module has been deprecated. Please use THREE.Timer instead. @ https://lifegrdn.vercel.app/assets/index-D9_fKeI-.js:58
[  439113ms] [WARNING] THREE.THREE.Clock: This module has been deprecated. Please use THREE.Timer instead. @ https://lifegrdn.vercel.app/assets/index-D9_fKeI-.js:58
[  770263ms] [WARNING] THREE.THREE.Clock: This module has been deprecated. Please use THREE.Timer instead. @ https://lifegrdn.vercel.app/assets/index-CBKOzz0p.js:58
[  798847ms] [ERROR] Failed to load resource: the server responded with a status of 400 () @ https://mjjyipkzhvtkslrsdluh.supabase.co/rest/v1/trees?select=id:0
[  798847ms] [ERROR] Failed to load resource: the server responded with a status of 400 () @ https://mjjyipkzhvtkslrsdluh.supabase.co/rest/v1/tasks?select=id:0
[  807295ms] [WARNING] THREE.THREE.Clock: This module has been deprecated. Please use THREE.Timer instead. @ https://lifegrdn.vercel.app/assets/index-CBKOzz0p.js:58
[  832161ms] [WARNING] THREE.THREE.Clock: This module has been deprecated. Please use THREE.Timer instead. @ https://lifegrdn.vercel.app/assets/index-CBKOzz0p.js:58
[  832192ms] [ERROR] Failed to load resource: the server responded with a status of 404 () @ https://lifegrdn.vercel.app/vite.svg:0
[  835896ms] [ERROR] Failed to load resource: the server responded with a status of 400 () @ https://mjjyipkzhvtkslrsdluh.supabase.co/rest/v1/tasks?select=id:0
[  840921ms] [WARNING] THREE.THREE.Clock: This module has been deprecated. Please use THREE.Timer instead. @ https://lifegrdn.vercel.app/assets/index-CBKOzz0p.js:58
[  846499ms] [WARNING] THREE.THREE.Clock: This module has been deprecated. Please use THREE.Timer instead. @ https://lifegrdn.vercel.app/assets/index-CBKOzz0p.js:58
[  856660ms] [ERROR] Failed to load resource: the server responded with a status of 404 () @ https://lifegrdn.vercel.app/assets/index-CSVVwI3u.js:0
[  859049ms] [WARNING] THREE.THREE.Clock: This module has been deprecated. Please use THREE.Timer instead. @ https://lifegrdn.vercel.app/assets/index-CSVVwI3u.js:58
[  883117ms] [WARNING] THREE.THREE.Clock: This module has been deprecated. Please use THREE.Timer instead. @ https://lifegrdn.vercel.app/assets/index-CSVVwI3u.js:58
[ 1185514ms] [WARNING] THREE.THREE.Clock: This module has been deprecated. Please use THREE.Timer instead. @ https://lifegrdn.vercel.app/assets/index-Dt3YOkqY.js:58
[ 1287776ms] [WARNING] THREE.THREE.Clock: This module has been deprecated. Please use THREE.Timer instead. @ https://lifegrdn.vercel.app/assets/index-Dt3YOkqY.js:58
[ 1288730ms] [WARNING] THREE.THREE.Clock: This module has been deprecated. Please use THREE.Timer instead. @ https://lifegrdn.vercel.app/assets/index-Dt3YOkqY.js:58
[ 1300174ms] [ERROR] Failed to load resource: the server responded with a status of 400 () @ https://mjjyipkzhvtkslrsdluh.supabase.co/rest/v1/trees?select=id:0
[ 1300175ms] [ERROR] Failed to load resource: the server responded with a status of 400 () @ https://mjjyipkzhvtkslrsdluh.supabase.co/rest/v1/tasks?select=id:0
[ 1302488ms] [WARNING] THREE.THREE.Clock: This module has been deprecated. Please use THREE.Timer instead. @ https://lifegrdn.vercel.app/assets/index-Dt3YOkqY.js:58
[ 1304003ms] [WARNING] THREE.THREE.Clock: This module has been deprecated. Please use THREE.Timer instead. @ https://lifegrdn.vercel.app/assets/index-Dt3YOkqY.js:58
[ 1308600ms] [ERROR] Failed to load resource: the server responded with a status of 400 () @ https://mjjyipkzhvtkslrsdluh.supabase.co/rest/v1/tasks?select=id:0
[ 1310647ms] [WARNING] THREE.THREE.Clock: This module has been deprecated. Please use THREE.Timer instead. @ https://lifegrdn.vercel.app/assets/index-Dt3YOkqY.js:58
[ 1332133ms] [ERROR] Failed to load resource: the server responded with a status of 400 () @ https://mjjyipkzhvtkslrsdluh.supabase.co/rest/v1/tasks?select=id:0
[ 1332133ms] [ERROR] Failed to load resource: the server responded with a status of 400 () @ https://mjjyipkzhvtkslrsdluh.supabase.co/rest/v1/trees?select=id:0
[ 1334049ms] [WARNING] THREE.THREE.Clock: This module has been deprecated. Please use THREE.Timer instead. @ https://lifegrdn.vercel.app/assets/index-Dt3YOkqY.js:58
[ 1335156ms] [WARNING] THREE.THREE.Clock: This module has been deprecated. Please use THREE.Timer instead. @ https://lifegrdn.vercel.app/assets/index-Dt3YOkqY.js:58
[ 1335853ms] [WARNING] THREE.THREE.Clock: This module has been deprecated. Please use THREE.Timer instead. @ https://lifegrdn.vercel.app/assets/index-Dt3YOkqY.js:58
[ 1338364ms] [ERROR] Failed to load resource: the server responded with a status of 400 () @ https://mjjyipkzhvtkslrsdluh.supabase.co/rest/v1/tasks?select=id:0
[ 1339623ms] [WARNING] THREE.THREE.Clock: This module has been deprecated. Please use THREE.Timer instead. @ https://lifegrdn.vercel.app/assets/index-Dt3YOkqY.js:58
[ 1646185ms] [WARNING] THREE.THREE.Clock: This module has been deprecated. Please use THREE.Timer instead. @ https://lifegrdn.vercel.app/assets/index-CbpjlfT2.js:58
[ 1648415ms] [WARNING] THREE.THREE.Clock: This module has been deprecated. Please use THREE.Timer instead. @ https://lifegrdn.vercel.app/assets/index-CbpjlfT2.js:58
[ 1737380ms] [WARNING] THREE.THREE.Clock: This module has been deprecated. Please use THREE.Timer instead. @ https://lifegrdn.vercel.app/assets/index-CbpjlfT2.js:58
[ 1738652ms] [WARNING] THREE.THREE.Clock: This module has been deprecated. Please use THREE.Timer instead. @ https://lifegrdn.vercel.app/assets/index-CbpjlfT2.js:58
[ 1883229ms] [WARNING] THREE.THREE.Clock: This module has been deprecated. Please use THREE.Timer instead. @ https://lifegrdn.vercel.app/assets/index-GUaJ0F80.js:58
[ 2452126ms] [WARNING] THREE.THREE.Clock: This module has been deprecated. Please use THREE.Timer instead. @ https://lifegrdn.vercel.app/assets/index-GUaJ0F80.js:58
[ 2466591ms] [ERROR] Failed to load resource: the server responded with a status of 400 () @ https://mjjyipkzhvtkslrsdluh.supabase.co/rest/v1/tasks?select=id:0
[ 2486476ms] [ERROR] Failed to load resource: the server responded with a status of 400 () @ https://mjjyipkzhvtkslrsdluh.supabase.co/rest/v1/tasks?select=id:0
[ 4851229ms] [WARNING] THREE.THREE.Clock: This module has been deprecated. Please use THREE.Timer instead. @ https://lifegrdn.vercel.app/assets/index-GUaJ0F80.js:58
[ 5029142ms] [WARNING] THREE.THREE.Clock: This module has been deprecated. Please use THREE.Timer instead. @ https://lifegrdn.vercel.app/assets/index-GUaJ0F80.js:58
[ 5677585ms] [WARNING] THREE.THREE.Clock: This module has been deprecated. Please use THREE.Timer instead. @ https://lifegrdn.vercel.app/assets/index-mIKgAMFD.js:58
[ 5688990ms] [WARNING] THREE.THREE.Clock: This module has been deprecated. Please use THREE.Timer instead. @ https://lifegrdn.vercel.app/assets/index-mIKgAMFD.js:58
[ 5697059ms] [WARNING] THREE.THREE.Clock: This module has been deprecated. Please use THREE.Timer instead. @ https://lifegrdn.vercel.app/assets/index-mIKgAMFD.js:58
[ 5704137ms] [WARNING] THREE.THREE.Clock: This module has been deprecated. Please use THREE.Timer instead. @ https://lifegrdn.vercel.app/assets/index-mIKgAMFD.js:58
[ 5710102ms] [WARNING] THREE.THREE.Clock: This module has been deprecated. Please use THREE.Timer instead. @ https://lifegrdn.vercel.app/assets/index-mIKgAMFD.js:58
[ 5722369ms] [WARNING] THREE.THREE.Clock: This module has been deprecated. Please use THREE.Timer instead. @ https://lifegrdn.vercel.app/assets/index-mIKgAMFD.js:58
[ 5727230ms] [WARNING] THREE.THREE.Clock: This module has been deprecated. Please use THREE.Timer instead. @ https://lifegrdn.vercel.app/assets/index-mIKgAMFD.js:58
[ 5753680ms] [ERROR] Failed to load resource: the server responded with a status of 400 () @ https://mjjyipkzhvtkslrsdluh.supabase.co/rest/v1/tasks?select=id:0
[ 5756591ms] [WARNING] THREE.THREE.Clock: This module has been deprecated. Please use THREE.Timer instead. @ https://lifegrdn.vercel.app/assets/index-mIKgAMFD.js:58
[ 5761877ms] [WARNING] THREE.THREE.Clock: This module has been deprecated. Please use THREE.Timer instead. @ https://lifegrdn.vercel.app/assets/index-mIKgAMFD.js:58
[ 5763555ms] [WARNING] THREE.THREE.Clock: This module has been deprecated. Please use THREE.Timer instead. @ https://lifegrdn.vercel.app/assets/index-mIKgAMFD.js:58
[ 5764804ms] [WARNING] THREE.THREE.Clock: This module has been deprecated. Please use THREE.Timer instead. @ https://lifegrdn.vercel.app/assets/index-mIKgAMFD.js:58
[ 5765925ms] [WARNING] THREE.THREE.Clock: This module has been deprecated. Please use THREE.Timer instead. @ https://lifegrdn.vercel.app/assets/index-mIKgAMFD.js:58
[ 5767209ms] [WARNING] THREE.THREE.Clock: This module has been deprecated. Please use THREE.Timer instead. @ https://lifegrdn.vercel.app/assets/index-mIKgAMFD.js:58
[ 5821021ms] [ERROR] Failed to load resource: the server responded with a status of 400 () @ https://mjjyipkzhvtkslrsdluh.supabase.co/rest/v1/tasks?select=id:0
[ 5823631ms] [WARNING] THREE.THREE.Clock: This module has been deprecated. Please use THREE.Timer instead. @ https://lifegrdn.vercel.app/assets/index-mIKgAMFD.js:58
[ 5824994ms] [WARNING] THREE.THREE.Clock: This module has been deprecated. Please use THREE.Timer instead. @ https://lifegrdn.vercel.app/assets/index-mIKgAMFD.js:58
[ 5826562ms] [WARNING] THREE.THREE.Clock: This module has been deprecated. Please use THREE.Timer instead. @ https://lifegrdn.vercel.app/assets/index-mIKgAMFD.js:58
