[     209ms] [WARNING] THREE.THREE.Clock: This module has been deprecated. Please use THREE.Timer instead. @ http://localhost:5173/node_modules/.vite/deps/chunk-ITCRF2YK.js?v=86176af0:296
[     306ms] [WARNING] THREE.THREE.Clock: This module has been deprecated. Please use THREE.Timer instead. @ http://localhost:5173/node_modules/.vite/deps/chunk-ITCRF2YK.js?v=86176af0:296
[   34162ms] [ERROR] Failed to load resource: the server responded with a status of 400 () @ https://mjjyipkzhvtkslrsdluh.supabase.co/rest/v1/backlog_tasks?columns=%22project_id%22%2C%22title%22%2C%22priority%22%2C%22carried_count%22%2C%22sort_order%22%2C%22user_id%22%2C%22notes%22:0
[   38271ms] [ERROR] Failed to load resource: the server responded with a status of 400 () @ https://mjjyipkzhvtkslrsdluh.supabase.co/rest/v1/tasks?columns=%22id%22%2C%22tree_id%22%2C%22title%22%2C%22status%22%2C%22priority%22%2C%22carried_count%22%2C%22sort_order%22%2C%22user_id%22%2C%22notes%22:0
[  325744ms] [WARNING] THREE.THREE.Clock: This module has been deprecated. Please use THREE.Timer instead. @ http://localhost:5173/node_modules/.vite/deps/chunk-ITCRF2YK.js?v=86176af0:296
[  325794ms] [WARNING] THREE.THREE.Clock: This module has been deprecated. Please use THREE.Timer instead. @ http://localhost:5173/node_modules/.vite/deps/chunk-ITCRF2YK.js?v=86176af0:296
[  329191ms] [WARNING] THREE.THREE.Clock: This module has been deprecated. Please use THREE.Timer instead. @ http://localhost:5173/node_modules/.vite/deps/chunk-ITCRF2YK.js?v=86176af0:296
[  329272ms] [WARNING] THREE.THREE.Clock: This module has been deprecated. Please use THREE.Timer instead. @ http://localhost:5173/node_modules/.vite/deps/chunk-ITCRF2YK.js?v=86176af0:296
[  332808ms] [WARNING] THREE.THREE.Clock: This module has been deprecated. Please use THREE.Timer instead. @ http://localhost:5173/node_modules/.vite/deps/chunk-ITCRF2YK.js?v=86176af0:296
[  332864ms] [WARNING] THREE.THREE.Clock: This module has been deprecated. Please use THREE.Timer instead. @ http://localhost:5173/node_modules/.vite/deps/chunk-ITCRF2YK.js?v=86176af0:296
[  340392ms] [WARNING] THREE.THREE.Clock: This module has been deprecated. Please use THREE.Timer instead. @ http://localhost:5173/node_modules/.vite/deps/chunk-ITCRF2YK.js?v=86176af0:296
[  340463ms] [WARNING] THREE.THREE.Clock: This module has been deprecated. Please use THREE.Timer instead. @ http://localhost:5173/node_modules/.vite/deps/chunk-ITCRF2YK.js?v=86176af0:296
[  342483ms] [WARNING] THREE.THREE.Clock: This module has been deprecated. Please use THREE.Timer instead. @ http://localhost:5173/node_modules/.vite/deps/chunk-ITCRF2YK.js?v=86176af0:296
[  342603ms] [WARNING] THREE.THREE.Clock: This module has been deprecated. Please use THREE.Timer instead. @ http://localhost:5173/node_modules/.vite/deps/chunk-ITCRF2YK.js?v=86176af0:296
[  960418ms] [WARNING] THREE.THREE.Clock: This module has been deprecated. Please use THREE.Timer instead. @ http://localhost:5173/node_modules/.vite/deps/chunk-ITCRF2YK.js?v=86176af0:296
[  960505ms] [WARNING] THREE.THREE.Clock: This module has been deprecated. Please use THREE.Timer instead. @ http://localhost:5173/node_modules/.vite/deps/chunk-ITCRF2YK.js?v=86176af0:296
[ 1156484ms] [ERROR] Failed to load resource: the server responded with a status of 400 () @ https://mjjyipkzhvtkslrsdluh.supabase.co/rest/v1/tasks?columns=%22id%22%2C%22tree_id%22%2C%22title%22%2C%22status%22%2C%22priority%22%2C%22carried_count%22%2C%22sort_order%22%2C%22user_id%22%2C%22notes%22:0
[ 1309305ms] [ERROR] Failed to load resource: the server responded with a status of 500 (Internal Server Error) @ http://localhost:5173/src/components/garden/TreeClickModal.tsx?t=1773728863633:0
[ 1309306ms] [ERROR] [vite] Failed to reload /src/components/garden/TreeClickModal.tsx. This could be due to syntax errors or importing non-existent modules. (see errors above) @ http://localhost:5173/@vite/client:808
[ 1366895ms] [ERROR] Failed to load resource: the server responded with a status of 500 (Internal Server Error) @ http://localhost:5173/src/components/views/BacklogView.tsx?t=1773728921232:0
[ 1366896ms] [ERROR] [vite] Failed to reload /src/components/views/BacklogView.tsx. This could be due to syntax errors or importing non-existent modules. (see errors above) @ http://localhost:5173/@vite/client:808
[ 1376889ms] [ERROR] Failed to load resource: the server responded with a status of 500 (Internal Server Error) @ http://localhost:5173/src/components/views/BacklogView.tsx?t=1773728931225:0
[ 1376890ms] [ERROR] [vite] Failed to reload /src/components/views/BacklogView.tsx. This could be due to syntax errors or importing non-existent modules. (see errors above) @ http://localhost:5173/@vite/client:808
[ 1413848ms] [WARNING] THREE.THREE.Clock: This module has been deprecated. Please use THREE.Timer instead. @ http://localhost:5173/node_modules/.vite/deps/chunk-ITCRF2YK.js?v=86176af0:296
[ 1413915ms] [WARNING] THREE.THREE.Clock: This module has been deprecated. Please use THREE.Timer instead. @ http://localhost:5173/node_modules/.vite/deps/chunk-ITCRF2YK.js?v=86176af0:296
[ 1419027ms] [WARNING] THREE.THREE.Clock: This module has been deprecated. Please use THREE.Timer instead. @ http://localhost:5173/node_modules/.vite/deps/chunk-ITCRF2YK.js?v=86176af0:296
[ 1419107ms] [WARNING] THREE.THREE.Clock: This module has been deprecated. Please use THREE.Timer instead. @ http://localhost:5173/node_modules/.vite/deps/chunk-ITCRF2YK.js?v=86176af0:296
[ 1522176ms] [WARNING] THREE.THREE.Clock: This module has been deprecated. Please use THREE.Timer instead. @ http://localhost:5173/node_modules/.vite/deps/chunk-ITCRF2YK.js?v=86176af0:296
[ 1522265ms] [WARNING] THREE.THREE.Clock: This module has been deprecated. Please use THREE.Timer instead. @ http://localhost:5173/node_modules/.vite/deps/chunk-ITCRF2YK.js?v=86176af0:296
